#
# An unexpected error has occurred (6) Aborted
#
Stack:
/lib/x86_64-linux-gnu/libc.so.6(+0x45f60) [0x78afc8845f60]
/lib/x86_64-linux-gnu/libc.so.6(pthread_kill+0x11d) [0x78afc88a5fed]
/lib/x86_64-linux-gnu/libc.so.6(gsignal+0x1e) [0x78afc8845e2e]
/lib/x86_64-linux-gnu/libc.so.6(abort+0x27) [0x78afc8828888]
/home/violet/Vitis/2025.2/Vivado/lib/lnx64.o/Ubuntu/libstdc++.so.6(+0x8ba13) [0x78afc908ba13]
/home/violet/Vitis/2025.2/Vivado/lib/lnx64.o/Ubuntu/libstdc++.so.6(+0x91b86) [0x78afc9091b86]
/home/violet/Vitis/2025.2/Vivado/lib/lnx64.o/Ubuntu/libstdc++.so.6(+0x91bc1) [0x78afc9091bc1]
/home/violet/Vitis/2025.2/Vivado/lib/lnx64.o/libxv_common.so(hdi::tcltasks::detail::collection_wrapper_base::~collection_wrapper_base()+0x27f) [0x78afd3fff6f5]
/home/violet/Vitis/2025.2/Vivado/lib/lnx64.o/libxv_common.so(+0x7118d5) [0x78afd41118d5]
/home/violet/Vitis/2025.2/Vivado/lib/lnx64.o/libxv_common.so(hdi::tcltasks::detail::collection_wrapper_base::decr_ref() const+0x27) [0x78afd3ffc7db]
/home/violet/Vitis/2025.2/Vivado/lib/lnx64.o/libxv_tcltasks.so(+0x1109c78) [0x78afc2709c78]
/home/violet/Vitis/2025.2/Vivado/lib/lnx64.o/libxv_tcltasks.so(+0x1104212) [0x78afc2704212]
/home/violet/Vitis/2025.2/Vivado/lib/lnx64.o/libxv_tcltasks.so(+0x1104261) [0x78afc2704261]
/home/violet/Vitis/2025.2/Vivado/lib/lnx64.o/libboost_program_options.so.1.72.0(boost::program_options::option_description::~option_description()+0xd1) [0x78afd4c16be1]
/home/violet/Vitis/2025.2/Vivado/lib/lnx64.o/libboost_program_options.so.1.72.0(boost::program_options::option_description::~option_description()+0x11) [0x78afd4c16c31]
/home/violet/Vitis/2025.2/Vivado/lib/lnx64.o/libxv_common.so(boost::detail::sp_counted_impl_p<boost::program_options::option_description>::dispose()+0x13) [0x78afd42f3d3b]
/home/violet/Vitis/2025.2/Vivado/lib/lnx64.o/libxv_common.so(+0x42fc24) [0x78afd3e2fc24]
/home/violet/Vitis/2025.2/Vivado/lib/lnx64.o/libxv_common.so(hdi::tcltasks::options_description::~options_description()+0xe1) [0x78afd43a9bb3]
/lib/x86_64-linux-gnu/libc.so.6(+0x488a1) [0x78afc88488a1]
/lib/x86_64-linux-gnu/libc.so.6(+0x4897e) [0x78afc884897e]
/home/violet/Vitis/2025.2/Vivado/lib/lnx64.o/libxv_synth.so(HARTSInfo::periodicalDetect()+0xfb) [0x78afb736c8eb]
/home/violet/Vitis/2025.2/Vivado/lib/lnx64.o/libxv_common.so(std::thread::_State_impl<std::thread::_Invoker<std::tuple<void (*)()> > >::_M_run()+0x7) [0x78afd4219fbf]
/home/violet/Vitis/2025.2/Vivado/lib/lnx64.o/Ubuntu/libstdc++.so.6(+0xbadff) [0x78afc90badff]
/lib/x86_64-linux-gnu/libc.so.6(+0xa3d64) [0x78afc88a3d64]
/lib/x86_64-linux-gnu/libc.so.6(+0x1373fc) [0x78afc89373fc]
