#
# An unexpected error has occurred (6) Aborted
#
Stack:
/lib/x86_64-linux-gnu/libc.so.6(+0x45f60) [0x7c5bb6a45f60]
/lib/x86_64-linux-gnu/libc.so.6(pthread_kill+0x11d) [0x7c5bb6aa5fed]
/lib/x86_64-linux-gnu/libc.so.6(gsignal+0x1e) [0x7c5bb6a45e2e]
/lib/x86_64-linux-gnu/libc.so.6(abort+0x27) [0x7c5bb6a28888]
/home/violet/Vitis/2025.2/Vivado/lib/lnx64.o/Ubuntu/libstdc++.so.6(+0x8ba13) [0x7c5bb728ba13]
/home/violet/Vitis/2025.2/Vivado/lib/lnx64.o/Ubuntu/libstdc++.so.6(+0x91b86) [0x7c5bb7291b86]
/home/violet/Vitis/2025.2/Vivado/lib/lnx64.o/Ubuntu/libstdc++.so.6(+0x91bc1) [0x7c5bb7291bc1]
/home/violet/Vitis/2025.2/Vivado/lib/lnx64.o/libxv_common.so(hdi::tcltasks::detail::collection_wrapper_base::~collection_wrapper_base()+0x27f) [0x7c5bc1fff6f5]
/home/violet/Vitis/2025.2/Vivado/lib/lnx64.o/libxv_common.so(+0x7118d5) [0x7c5bc21118d5]
/home/violet/Vitis/2025.2/Vivado/lib/lnx64.o/libxv_common.so(hdi::tcltasks::detail::collection_wrapper_base::decr_ref() const+0x27) [0x7c5bc1ffc7db]
/home/violet/Vitis/2025.2/Vivado/lib/lnx64.o/libxv_tcltasks.so(+0x1109c78) [0x7c5bb0909c78]
/home/violet/Vitis/2025.2/Vivado/lib/lnx64.o/libxv_tcltasks.so(+0x1104212) [0x7c5bb0904212]
/home/violet/Vitis/2025.2/Vivado/lib/lnx64.o/libxv_tcltasks.so(+0x1104261) [0x7c5bb0904261]
/home/violet/Vitis/2025.2/Vivado/lib/lnx64.o/libboost_program_options.so.1.72.0(boost::program_options::option_description::~option_description()+0xd1) [0x7c5bc2c38be1]
/home/violet/Vitis/2025.2/Vivado/lib/lnx64.o/libboost_program_options.so.1.72.0(boost::program_options::option_description::~option_description()+0x11) [0x7c5bc2c38c31]
/home/violet/Vitis/2025.2/Vivado/lib/lnx64.o/libxv_common.so(boost::detail::sp_counted_impl_p<boost::program_options::option_description>::dispose()+0x13) [0x7c5bc22f3d3b]
/home/violet/Vitis/2025.2/Vivado/lib/lnx64.o/libxv_common.so(+0x42fc24) [0x7c5bc1e2fc24]
/home/violet/Vitis/2025.2/Vivado/lib/lnx64.o/libxv_common.so(hdi::tcltasks::options_description::~options_description()+0xe1) [0x7c5bc23a9bb3]
/lib/x86_64-linux-gnu/libc.so.6(+0x488a1) [0x7c5bb6a488a1]
/lib/x86_64-linux-gnu/libc.so.6(+0x4897e) [0x7c5bb6a4897e]
/home/violet/Vitis/2025.2/Vivado/lib/lnx64.o/libxv_synth.so(HARTSInfo::periodicalDetect()+0xfb) [0x7c5ba556c8eb]
/home/violet/Vitis/2025.2/Vivado/lib/lnx64.o/libxv_common.so(std::thread::_State_impl<std::thread::_Invoker<std::tuple<void (*)()> > >::_M_run()+0x7) [0x7c5bc2219fbf]
/home/violet/Vitis/2025.2/Vivado/lib/lnx64.o/Ubuntu/libstdc++.so.6(+0xbadff) [0x7c5bb72badff]
/lib/x86_64-linux-gnu/libc.so.6(+0xa3d64) [0x7c5bb6aa3d64]
/lib/x86_64-linux-gnu/libc.so.6(+0x1373fc) [0x7c5bb6b373fc]
