#
# An unexpected error has occurred (6) Aborted
#
Stack:
/lib/x86_64-linux-gnu/libc.so.6(+0x45f60) [0x722db1c45f60]
/lib/x86_64-linux-gnu/libc.so.6(pthread_kill+0x11d) [0x722db1ca5fed]
/lib/x86_64-linux-gnu/libc.so.6(gsignal+0x1e) [0x722db1c45e2e]
/lib/x86_64-linux-gnu/libc.so.6(abort+0x27) [0x722db1c28888]
/home/violet/Vitis/2025.2/Vivado/lib/lnx64.o/Ubuntu/libstdc++.so.6(+0x8ba13) [0x722db248ba13]
/home/violet/Vitis/2025.2/Vivado/lib/lnx64.o/Ubuntu/libstdc++.so.6(+0x91b86) [0x722db2491b86]
/home/violet/Vitis/2025.2/Vivado/lib/lnx64.o/Ubuntu/libstdc++.so.6(+0x91bc1) [0x722db2491bc1]
/home/violet/Vitis/2025.2/Vivado/lib/lnx64.o/libxv_common.so(hdi::tcltasks::detail::collection_wrapper_base::~collection_wrapper_base()+0x27f) [0x722dbd3ff6f5]
/home/violet/Vitis/2025.2/Vivado/lib/lnx64.o/libxv_common.so(+0x7118d5) [0x722dbd5118d5]
/home/violet/Vitis/2025.2/Vivado/lib/lnx64.o/libxv_common.so(hdi::tcltasks::detail::collection_wrapper_base::decr_ref() const+0x27) [0x722dbd3fc7db]
/home/violet/Vitis/2025.2/Vivado/lib/lnx64.o/libxv_tcltasks.so(+0x1109c78) [0x722dabb09c78]
/home/violet/Vitis/2025.2/Vivado/lib/lnx64.o/libxv_tcltasks.so(+0x1104212) [0x722dabb04212]
/home/violet/Vitis/2025.2/Vivado/lib/lnx64.o/libxv_tcltasks.so(+0x1104261) [0x722dabb04261]
/home/violet/Vitis/2025.2/Vivado/lib/lnx64.o/libboost_program_options.so.1.72.0(boost::program_options::option_description::~option_description()+0xd1) [0x722dbc9ccbe1]
/home/violet/Vitis/2025.2/Vivado/lib/lnx64.o/libboost_program_options.so.1.72.0(boost::program_options::option_description::~option_description()+0x11) [0x722dbc9ccc31]
/home/violet/Vitis/2025.2/Vivado/lib/lnx64.o/libxv_common.so(boost::detail::sp_counted_impl_p<boost::program_options::option_description>::dispose()+0x13) [0x722dbd6f3d3b]
/home/violet/Vitis/2025.2/Vivado/lib/lnx64.o/libxv_common.so(+0x42fc24) [0x722dbd22fc24]
/home/violet/Vitis/2025.2/Vivado/lib/lnx64.o/libxv_common.so(hdi::tcltasks::options_description::~options_description()+0xe1) [0x722dbd7a9bb3]
/lib/x86_64-linux-gnu/libc.so.6(+0x488a1) [0x722db1c488a1]
/lib/x86_64-linux-gnu/libc.so.6(+0x4897e) [0x722db1c4897e]
/home/violet/Vitis/2025.2/Vivado/lib/lnx64.o/libxv_synth.so(HARTSInfo::periodicalDetect()+0xfb) [0x722da076c8eb]
/home/violet/Vitis/2025.2/Vivado/lib/lnx64.o/libxv_common.so(std::thread::_State_impl<std::thread::_Invoker<std::tuple<void (*)()> > >::_M_run()+0x7) [0x722dbd619fbf]
/home/violet/Vitis/2025.2/Vivado/lib/lnx64.o/Ubuntu/libstdc++.so.6(+0xbadff) [0x722db24badff]
/lib/x86_64-linux-gnu/libc.so.6(+0xa3d64) [0x722db1ca3d64]
/lib/x86_64-linux-gnu/libc.so.6(+0x1373fc) [0x722db1d373fc]
